// Jest Snapshot v1, https://goo.gl/fbAQLP

exports[`parse input works 1`] = `
Array [
  Object {
    "x1": 0,
    "x2": 5,
    "y1": 9,
    "y2": 9,
  },
  Object {
    "x1": 8,
    "x2": 0,
    "y1": 0,
    "y2": 8,
  },
  Object {
    "x1": 9,
    "x2": 3,
    "y1": 4,
    "y2": 4,
  },
  Object {
    "x1": 2,
    "x2": 2,
    "y1": 2,
    "y2": 1,
  },
  Object {
    "x1": 7,
    "x2": 7,
    "y1": 0,
    "y2": 4,
  },
  Object {
    "x1": 6,
    "x2": 2,
    "y1": 4,
    "y2": 0,
  },
  Object {
    "x1": 0,
    "x2": 2,
    "y1": 9,
    "y2": 9,
  },
  Object {
    "x1": 3,
    "x2": 1,
    "y1": 4,
    "y2": 4,
  },
  Object {
    "x1": 0,
    "x2": 8,
    "y1": 0,
    "y2": 8,
  },
  Object {
    "x1": 5,
    "x2": 8,
    "y1": 5,
    "y2": 2,
  },
]
`;
